// Bun Snapshot v1, https://bun.sh/docs/test/snapshots

exports[`@hexadrop/biome-config biome check test.html 1`] = `
"<!DOCTYPE html>
<html lang="en">
	<head>
		<meta charset="UTF-8" />
		<title>Title</title>
		<style>
			.input {
				font-size: 16px;
				color: blue;
			}
		</style>
	</head>
	<body>
		<input
			type="text"
			class="input" />
		<script>
			document.querySelector(".input").value = "Hello, World!";
			const a = false;
			if (a) {
				console.log("This will not be logged.");
			}
		</script>
	</body>
</html>
"
`;

exports[`@hexadrop/biome-config biome check test.tsx 1`] = `
"export default function Test() {
	return (
		<main>
			<div>Hello, world!</div>
			<input
				className="input"
				type="text"
			/>
		</main>
	);
}
"
`;
